main.c:267:8:strUpper	8	static
main.c:273:8:strLower	8	static
main.c:279:5:GetMode	0	static
main.c:304:6:AxisSetStates	20	static
main.c:284:6:SetMode	16	static
main.c:321:5:AxisEnabled	0	static
main.c:329:6:SysTick_Handler	8	static
main.c:749:6:SystemClock_Config	208	static,ignoring_inline_asm
main.c:819:6:bindMode_check	16	static
main.c:834:6:auto_BaudRate	8	static,ignoring_inline_asm
main.c:867:6:onlineDevices_check	20	static
main.c:890:6:bindByChannel_check	24	static
main.c:921:6:AutoClearFlag	8	static
main.c:934:6:led_handling	24	static
main.c:974:6:StatusUpdate	32	static
main.c:1066:6:ClearStatus	0	static
main.c:1080:6:ButtonDebounce	24	static
main.c:1104:5:ButtonsInvalid	0	static
main.c:1120:6:ButtonProcess	32	static
main.c:1224:5:MotorAisMoving	0	static
main.c:1229:5:MotorBisMoving	0	static
main.c:1237:6:ActivateEvent	0	static
main.c:1243:6:SetEventParameters	8	static
main.c:1264:6:Measure_Line_Resistance_Start	32	static
main.c:1298:6:RMeasure_Stop	8	static
main.c:1307:6:Measure_Line_Resistance	24	static
main.c:1337:6:tracker_status_check	8	static
main.c:361:5:main	72	static
main.c:1498:6:Error_Handler	0	static,ignoring_inline_asm
