rtc.c:30:6:MX_RTC_Init	32	static
rtc.c:88:6:HAL_RTC_MspInit	0	static
rtc.c:104:6:HAL_RTC_MspDeInit	0	static
rtc.c:149:6:isYearNotLeap	0	static
rtc.c:157:6:TicksToDateTime	56	static
rtc.c:220:10:DateTimeToTicks	24	static
rtc.c:254:6:getSolarDateTime	72	static
rtc.c:272:6:setSolarDateTime	40	static
rtc.c:288:6:setGMTDateTime	40	static
rtc.c:305:6:getGMTDateTime	40	static
rtc.c:320:6:setSolarSeconds	8	static
rtc.c:327:6:setSolarMinutes	8	static
rtc.c:334:6:setSolarHours	8	static
rtc.c:341:6:setSolarMday	8	static
rtc.c:348:6:setSolarMonth	8	static
rtc.c:355:6:setSolarYear	8	static
rtc.c:362:6:setGMTSeconds	8	static
rtc.c:369:6:setGMTMinutes	8	static
rtc.c:376:6:setGMTHours	8	static
rtc.c:383:6:setGMTMday	8	static
rtc.c:390:6:setGMTMonth	8	static
rtc.c:397:6:setGMTYear	8	static
rtc.c:404:6:Time_add	16	static
rtc.c:410:6:Time_round	16	static
rtc.c:417:5:Time_higherEq	16	static
rtc.c:432:5:Time_lower	16	static
rtc.c:451:5:rtc_find_correction	8	static
rtc.c:464:6:rtc_apply_correction	24	static
