stm32l4xx_it.c:73:6:NMI_Handler	0	static
stm32l4xx_it.c:88:6:HardFault_Handler	0	static
stm32l4xx_it.c:103:6:MemManage_Handler	0	static
stm32l4xx_it.c:118:6:BusFault_Handler	0	static
stm32l4xx_it.c:133:6:UsageFault_Handler	0	static
stm32l4xx_it.c:148:6:SVC_Handler	0	static
stm32l4xx_it.c:161:6:DebugMon_Handler	0	static
stm32l4xx_it.c:174:6:PendSV_Handler	0	static
stm32l4xx_it.c:194:6:DMA1_Channel1_IRQHandler	8	static
stm32l4xx_it.c:208:6:DMA1_Channel4_IRQHandler	0	static
stm32l4xx_it.c:222:6:DMA1_Channel5_IRQHandler	0	static
stm32l4xx_it.c:236:6:USB_IRQHandler	0	static
