usart.c:60:6:MX_USART1_UART_Init	8	static
usart.c:91:6:MX_USART2_UART_Init	8	static
usart.c:125:6:MX_USART3_UART_Init	8	static
usart.c:155:6:HAL_UART_MspInit	72	static
usart.c:281:6:HAL_UART_MspDeInit	8	static
usart.c:352:6:HAL_UART_TxCpltCallback	0	static
usart.c:360:6:HAL_UART_RxCpltCallback	0	static
usart.c:369:6:HAL_UART_ErrorCallback	0	static
usart.c:376:6:UARTSend	8	static
usart.c:384:6:UART1Send	0	static
usart.c:389:5:modbus_newRequest	0	static
usart.c:398:5:modbus_newRequest1	0	static
usart.c:403:5:modbus_newRequest2	0	static
usart.c:409:5:modbus_discard	0	static
usart.c:419:5:modbus_discard1	0	static
usart.c:425:5:modbus_discard2	0	static
usart.c:430:6:modbus_ReqProcessed	0	static
usart.c:444:6:modbus_ReqProcessed1	0	static
usart.c:450:6:modbus_ReqProcessed2	0	static
usart.c:457:6:UART0ClearStatus	0	static
usart.c:462:6:UART1ClearStatus	0	static
usart.c:468:6:UART2ClearStatus	0	static
