SEGGER_RTT.c:512:17:_GetAvailWriteSpace	0	static
SEGGER_RTT.c:422:13:_WriteNoCheck	32	static,ignoring_inline_asm
SEGGER_RTT.c:360:17:_WriteBlocking	32	static,ignoring_inline_asm
SEGGER_RTT.c:302:13:_DoInit	8	static,ignoring_inline_asm
SEGGER_RTT.c:490:13:_PostTerminalSwitch.constprop	16	static
SEGGER_RTT.c:559:10:SEGGER_RTT_ReadUpBufferNoLock	40	static
SEGGER_RTT.c:651:10:SEGGER_RTT_ReadNoLock	40	static
SEGGER_RTT.c:748:10:SEGGER_RTT_ReadUpBuffer	8	static,ignoring_inline_asm
SEGGER_RTT.c:780:10:SEGGER_RTT_Read	8	static,ignoring_inline_asm
SEGGER_RTT.c:819:6:SEGGER_RTT_WriteWithOverwriteNoLock	48	static,ignoring_inline_asm
SEGGER_RTT.c:1010:10:SEGGER_RTT_WriteDownBufferNoLock	24	static
SEGGER_RTT.c:1085:10:SEGGER_RTT_WriteNoLock	24	static
SEGGER_RTT.c:1161:10:SEGGER_RTT_WriteDownBuffer	24	static,ignoring_inline_asm
SEGGER_RTT.c:1190:10:SEGGER_RTT_Write	24	static,ignoring_inline_asm
SEGGER_RTT.c:1220:10:SEGGER_RTT_WriteString	16	static
SEGGER_RTT.c:1250:10:SEGGER_RTT_PutCharSkipNoLock	20	static,ignoring_inline_asm
SEGGER_RTT.c:1300:10:SEGGER_RTT_PutCharSkip	24	static,ignoring_inline_asm
SEGGER_RTT.c:1359:10:SEGGER_RTT_PutChar	24	static,ignoring_inline_asm
SEGGER_RTT.c:1422:5:SEGGER_RTT_GetKey	16	static
SEGGER_RTT.c:1450:5:SEGGER_RTT_WaitKey	8	static
SEGGER_RTT.c:1473:5:SEGGER_RTT_HasKey	8	static
SEGGER_RTT.c:1501:10:SEGGER_RTT_HasData	0	static
SEGGER_RTT.c:1522:10:SEGGER_RTT_HasDataUp	0	static
SEGGER_RTT.c:1550:5:SEGGER_RTT_AllocDownBuffer	32	static,ignoring_inline_asm
SEGGER_RTT.c:1598:5:SEGGER_RTT_AllocUpBuffer	32	static,ignoring_inline_asm
SEGGER_RTT.c:1652:5:SEGGER_RTT_ConfigUpBuffer	24	static,ignoring_inline_asm
SEGGER_RTT.c:1703:5:SEGGER_RTT_ConfigDownBuffer	24	static,ignoring_inline_asm
SEGGER_RTT.c:1746:5:SEGGER_RTT_SetNameUpBuffer	16	static,ignoring_inline_asm
SEGGER_RTT.c:1781:5:SEGGER_RTT_SetNameDownBuffer	16	static,ignoring_inline_asm
SEGGER_RTT.c:1816:5:SEGGER_RTT_SetFlagsUpBuffer	16	static,ignoring_inline_asm
SEGGER_RTT.c:1851:5:SEGGER_RTT_SetFlagsDownBuffer	16	static,ignoring_inline_asm
SEGGER_RTT.c:1879:6:SEGGER_RTT_Init	0	static
SEGGER_RTT.c:1900:5:SEGGER_RTT_SetTerminal	24	static,ignoring_inline_asm
SEGGER_RTT.c:1949:5:SEGGER_RTT_TerminalOut	32	static,ignoring_inline_asm
SEGGER_RTT.c:2037:10:SEGGER_RTT_GetAvailWriteSpace	0	static
SEGGER_RTT.c:2058:10:SEGGER_RTT_GetBytesInBuffer	0	static
