bldc.c:168:15:ButtonStates	8	static
bldc.c:182:5:bldc_ReadHall	8	static
bldc.c:208:6:bldc_init_motors	56	static
bldc.c:316:6:bldc_init_cfg	0	static
bldc.c:331:6:bldc_init	8	static
bldc.c:369:6:bldc_Lock	0	static
bldc.c:376:6:Enable_ChargePump	0	static
bldc.c:417:6:bldc_ClearStatus	0	static
bldc.c:532:6:bldc_EnableMotors	0	static
bldc.c:544:6:bldc_EnableMotor	0	static
bldc.c:551:14:bldc_GetEnabledMotors	0	static
bldc.c:562:5:bldc_Enabled	0	static
bldc.c:593:14:bldc_GetInvert	0	static
bldc.c:620:14:bldc_GetInvertHall	0	static
bldc.c:628:5:bldc_position_to_pulses	0	static
bldc.c:635:7:gpio_U	0	static
bldc.c:639:5:m_A_idle	0	static
bldc.c:643:5:m_B_idle	0	static
bldc.c:647:5:m_idle	8	static
bldc.c:652:5:m_referencing	0	static
bldc.c:657:7:motorA_moving	0	static
bldc.c:662:7:motorB_moving	0	static
bldc.c:667:5:bldc_getStatus	0	static
bldc.c:673:5:bldc_Status	0	static
bldc.c:677:6:bldc_initStatus	0	static
bldc.c:681:5:bldc_Active	0	static
bldc.c:687:6:bldc_manual	0	static
bldc.c:715:7:bldc_position	0	static
bldc.c:723:5:bldc_positionImp	0	static
bldc.c:731:7:bldc_target	0	static
bldc.c:739:5:bldc_targetImp	0	static
bldc.c:747:7:bldc_remaining	0	static
bldc.c:755:5:bldc_remainingImp	0	static
bldc.c:763:13:bldc_Motor	8	static
bldc.c:772:13:bldc_config	0	static
bldc.c:812:6:bldc_update_pwm	40	static
bldc.c:831:5:bldc_HomeSwitchActive	8	static
bldc.c:776:6:Flag_check	24	static
bldc.c:428:5:bldc_setPosition	24	static
bldc.c:475:5:bldc_setPositionImp	16	static
bldc.c:512:5:bldc_Home	8	static
bldc.c:868:6:setGPIO_Function	8	static
bldc.c:875:6:bldc_SetDrivers	16	static
bldc.c:1022:14:motor_err	0	static
bldc.c:1112:6:motor_ramp	24	static
bldc.c:1697:6:bldc_Comutate	24	static
bldc.c:1774:6:dc_Comutate	32	static
bldc.c:996:6:ActivateDrivers	16	static
bldc.c:384:6:bldc_Stop	24	static
bldc.c:1197:6:voltage_detection	24	static
bldc.c:413:6:bldc_ReleaseDrivers	0	static
bldc.c:698:6:bldc_runout	0	static
bldc.c:570:6:bldc_SetInvert	16	static
bldc.c:601:6:bldc_SetInvertHall	16	static
bldc.c:1039:6:motor_rampDC	40	static
bldc.c:1255:6:bldc_process	40	static
bldc.c:1485:6:dc_process	32	static
