micro.c:30:6:Recalc_sun	0	static
micro.c:34:6:init_encoder	0	static
micro.c:57:6:change_buyFlags	8	static
micro.c:78:6:cfg_wind_input	0	static
micro.c:89:5:Snow_Input	0	static
micro.c:424:6:suns_position_PM	64	static
micro.c:474:5:anti_shadowing	64	static
micro.c:509:6:mirror_equations	96	static
micro.c:535:6:mirror_equationsAE	24	static
micro.c:540:8:DtoR	8	static
micro.c:545:9:RtoD	8	static
micro.c:557:8:IdealRotationAngle	64	static
micro.c:584:8:CorrectedRotationAngle	64	static
micro.c:610:8:coordinate_selection	56	static
micro.c:759:8:geometry_1	48	static
micro.c:777:8:geometry_1_show	24	static
micro.c:792:8:geometry_11	24	static
micro.c:802:8:geometry_11_show	24	static
micro.c:821:8:geometry_2	72	static
micro.c:863:8:geometry_2_show	72	static
micro.c:887:8:geometry_3	72	static
micro.c:918:8:geometry_3_show	64	static
micro.c:934:8:geometry_13	72	static
micro.c:661:14:geometry_selection	80	static
micro.c:100:6:check_time	104	static
micro.c:947:8:geometry_13_show	64	static
micro.c:717:8:geometry_selection_show	72	static
micro.c:961:5:Focusing	0	static
micro.c:966:6:init_weather_sensor	0	static
micro.c:983:6:weather_sensor	32	static
