modbus.c:2086:14:FloatToUIntBytes	8	static
modbus.c:2094:14:modbus_crc	12	static
modbus.c:1672:6:modbus_cmd1_master	40	static
modbus.c:2122:14:mcmd_write_int1	0	static
modbus.c:2133:14:mcmd_read_float	8	static
modbus.c:2152:14:mcmd_read_int	20	static
modbus.c:2189:6:ack_reply	0	static
modbus.c:2197:7:mcmd_write_float1	0	static
modbus.c:2255:6:ack_val_reply	8	static
modbus.c:2232:7:mcmd_write_limit_float	8	static
modbus.c:2274:6:ack_valUI_reply	0	static
modbus.c:2288:6:err_reply	0	static
modbus.c:2172:14:mcmd_write_int	16	static
modbus.c:2212:7:mcmd_write_float	8	static
modbus.c:2297:14:xbSendPacketPrepare	24	static
modbus.c:1741:6:modbus_cmd2	24	static
modbus.c:1855:6:modbus_cmd3	8	static
modbus.c:2345:14:xbReceivePacketRestore	24	static
modbus.c:2380:16:getVersionB	0	static
modbus.c:1867:9:LoRa_info_response	32	static
modbus.c:126:6:modbus_cmd	64	static
modbus.c:2390:16:getVersion	0	static
modbus.c:2398:6:modbus_timeout_handling	12	static
modbus.c:2421:9:check_slaves	56	static
modbus.c:2473:9:check_coexistance	12	static
modbus.c:2456:6:get_route_order	24	static
modbus.c:2488:6:xbee_conCheck	0	static
modbus.c:2504:5:isOnlineDevice	0	static
modbus.c:1428:6:modbus_cmd1	56	static
