sun.c:16:5:isLeapYear	0	static
sun.c:20:8:getJD	72	static
sun.c:52:8:getGMTTime	48	static
sun.c:70:8:degToRad	8	static
sun.c:75:8:radToDeg	8	static
sun.c:80:8:calcTimeJulianCent	8	static
sun.c:87:8:calcGeomMeanLongSun	32	static
sun.c:101:8:calcGeomMeanAnomalySun	16	static
sun.c:107:9:calcEccentricityEarthOrbit	16	static
sun.c:113:8:calcSunEqOfCenter	48	static
sun.c:124:9:calcSunTrueLong	24	static
sun.c:132:8:calcSunTrueAnomaly	24	static
sun.c:140:8:calcSunRadVector	32	static
sun.c:148:8:calcSunApparentLong	24	static
sun.c:156:8:calcMeanObliquityOfEcliptic	16	static
sun.c:163:8:calcObliquityCorrection	24	static
sun.c:171:8:calcSunRtAscension	40	static
sun.c:181:8:calcSunDeclination	32	static
sun.c:191:8:calcEquationOfTime	80	static
sun.c:213:8:calcHourAngleSunrise	56	static
sun.c:224:8:calcSunriseSetUTC	56	static
sun.c:240:8:calcSunriseSet	72	static
sun.c:266:10:sun_sunrise	0	static
sun.c:270:10:sun_sunset	0	static
sun.c:274:10:sun_local_sunrise	0	static
sun.c:278:10:sun_local_sunset	0	static
sun.c:284:7:calcAzEl	104	static
sun.c:376:6:sun_AziEle	56	static
sun.c:388:6:sun_calculate	88	static
sun.c:417:6:sun_schedule_recalc	0	static
sun.c:421:6:sun_Update	8	static
